
Summary:
========
Total packets read:                   7451
TLS ServerHello packets:              302
Unique ServerHello TLS fingerprints:  39

Top 10 ServerHello TLS fingerprints:
----------------------------------------------
| TLS Fingerprint                  | Count   |
----------------------------------------------
| 134c270d52dd3495d39878f76f646581 | 71      |
| fd45585efaa8bdce5097aa7539274dac | 59      |
| 6c2811f7ba8e88604ea41a2bf9fa5ad7 | 37      |
| 492aea5433fd053665b82c465eaf01c4 | 22      |
| 8d2a028aa94425f76ced7826b1f39039 | 20      |
| 303951d4c50efb2e991652225a6f02b1 | 16      |
| 49b45fc1ab090aa3a159778313fc9b9e | 11      |
| afbc203706421f15554867b55caf16d6 | 6       |
| b898351eb5e266aefd3723d466935494 | 5       |
| a39e18564e32e1822751c4af0bfba817 | 5       |
----------------------------------------------

Output file was written to: 'tls2.txt'